$ tsc --noEmit --skipLibCheck
src/client/profile-review-utils.ts(83,3): error TS2322: Type '"pricing"' is not assignable to type 'ProfileFieldCategory'.
src/client/profile-review-utils.ts(89,3): error TS2322: Type '"social"' is not assignable to type 'ProfileFieldCategory'.
src/extraction-worker/routes/extract.ts(96,15): error TS2694: Namespace '"/Users/nickborrello/Desktop/Projects/shopsite-cms/node_modules/cheerio/dist/esm/index"' has no exported member 'Element'.
src/extraction-worker/routes/extract.ts(99,31): error TS2694: Namespace '"/Users/nickborrello/Desktop/Projects/shopsite-cms/node_modules/cheerio/dist/esm/index"' has no exported member 'AnyNode'.
src/extraction-worker/routes/extract.ts(1000,17): error TS2339: Property 'blocked' does not exist on type '{ data: { title: string | null; brand: string | null; description: string | null; bulletPoints: string[]; primaryImage: string | null; additionalImages: string[]; price: string | null; ... 9 more ...; customFields: Record<...>; }; warnings: string[]; } | { ...; } | { ...; }'.
  Property 'blocked' does not exist on type '{ data: { title: string | null; brand: string | null; description: string | null; bulletPoints: string[]; primaryImage: string | null; additionalImages: string[]; price: string | null; weight: string | null; ... 8 more ...; customFields: Record<...>; }; warnings: string[]; }'.
src/extraction-worker/routes/extract.ts(1006,18): error TS2339: Property 'title' does not exist on type '{ data: { title: string | null; brand: string | null; description: string | null; bulletPoints: string[]; primaryImage: string | null; additionalImages: string[]; price: string | null; ... 9 more ...; customFields: Record<...>; }; warnings: string[]; } | { ...; } | { ...; }'.
  Property 'title' does not exist on type '{ data: { title: string | null; brand: string | null; description: string | null; bulletPoints: string[]; primaryImage: string | null; additionalImages: string[]; price: string | null; weight: string | null; ... 8 more ...; customFields: Record<...>; }; warnings: string[]; }'.
src/extraction-worker/routes/extract.ts(1013,24): error TS2339: Property 'title' does not exist on type '{ data: { title: string | null; brand: string | null; description: string | null; bulletPoints: string[]; primaryImage: string | null; additionalImages: string[]; price: string | null; ... 9 more ...; customFields: Record<...>; }; warnings: string[]; } | { ...; } | { ...; }'.
  Property 'title' does not exist on type '{ data: { title: string | null; brand: string | null; description: string | null; bulletPoints: string[]; primaryImage: string | null; additionalImages: string[]; price: string | null; weight: string | null; ... 8 more ...; customFields: Record<...>; }; warnings: string[]; }'.
src/extraction-worker/routes/extract.ts(1014,24): error TS2339: Property 'brand' does not exist on type '{ data: { title: string | null; brand: string | null; description: string | null; bulletPoints: string[]; primaryImage: string | null; additionalImages: string[]; price: string | null; ... 9 more ...; customFields: Record<...>; }; warnings: string[]; } | { ...; } | { ...; }'.
  Property 'brand' does not exist on type '{ data: { title: string | null; brand: string | null; description: string | null; bulletPoints: string[]; primaryImage: string | null; additionalImages: string[]; price: string | null; weight: string | null; ... 8 more ...; customFields: Record<...>; }; warnings: string[]; }'.
src/extraction-worker/routes/extract.ts(1015,30): error TS2339: Property 'description' does not exist on type '{ data: { title: string | null; brand: string | null; description: string | null; bulletPoints: string[]; primaryImage: string | null; additionalImages: string[]; price: string | null; ... 9 more ...; customFields: Record<...>; }; warnings: string[]; } | { ...; } | { ...; }'.
  Property 'description' does not exist on type '{ data: { title: string | null; brand: string | null; description: string | null; bulletPoints: string[]; primaryImage: string | null; additionalImages: string[]; price: string | null; weight: string | null; ... 8 more ...; customFields: Record<...>; }; warnings: string[]; }'.
src/extraction-worker/routes/extract.ts(1016,24): error TS2339: Property 'price' does not exist on type '{ data: { title: string | null; brand: string | null; description: string | null; bulletPoints: string[]; primaryImage: string | null; additionalImages: string[]; price: string | null; ... 9 more ...; customFields: Record<...>; }; warnings: string[]; } | { ...; } | { ...; }'.
  Property 'price' does not exist on type '{ data: { title: string | null; brand: string | null; description: string | null; bulletPoints: string[]; primaryImage: string | null; additionalImages: string[]; price: string | null; weight: string | null; ... 8 more ...; customFields: Record<...>; }; warnings: string[]; }'.
src/extraction-worker/routes/extract.ts(1017,31): error TS2339: Property 'primaryImage' does not exist on type '{ data: { title: string | null; brand: string | null; description: string | null; bulletPoints: string[]; primaryImage: string | null; additionalImages: string[]; price: string | null; ... 9 more ...; customFields: Record<...>; }; warnings: string[]; } | { ...; } | { ...; }'.
  Property 'primaryImage' does not exist on type '{ data: { title: string | null; brand: string | null; description: string | null; bulletPoints: string[]; primaryImage: string | null; additionalImages: string[]; price: string | null; weight: string | null; ... 8 more ...; customFields: Record<...>; }; warnings: string[]; }'.
src/extraction-worker/routes/extract.ts(1018,35): error TS2339: Property 'additionalImages' does not exist on type '{ data: { title: string | null; brand: string | null; description: string | null; bulletPoints: string[]; primaryImage: string | null; additionalImages: string[]; price: string | null; ... 9 more ...; customFields: Record<...>; }; warnings: string[]; } | { ...; } | { ...; }'.
  Property 'additionalImages' does not exist on type '{ data: { title: string | null; brand: string | null; description: string | null; bulletPoints: string[]; primaryImage: string | null; additionalImages: string[]; price: string | null; weight: string | null; ... 8 more ...; customFields: Record<...>; }; warnings: string[]; }'.
src/extraction-worker/routes/extract.ts(1019,29): error TS2339: Property 'provenance' does not exist on type '{ data: { title: string | null; brand: string | null; description: string | null; bulletPoints: string[]; primaryImage: string | null; additionalImages: string[]; price: string | null; ... 9 more ...; customFields: Record<...>; }; warnings: string[]; } | { ...; } | { ...; }'.
  Property 'provenance' does not exist on type '{ data: { title: string | null; brand: string | null; description: string | null; bulletPoints: string[]; primaryImage: string | null; additionalImages: string[]; price: string | null; weight: string | null; ... 8 more ...; customFields: Record<...>; }; warnings: string[]; }'.
src/extraction-worker/routes/extract.ts(1026,29): error TS2339: Property 'customFields' does not exist on type '{ data: { title: string | null; brand: string | null; description: string | null; bulletPoints: string[]; primaryImage: string | null; additionalImages: string[]; price: string | null; ... 9 more ...; customFields: Record<...>; }; warnings: string[]; } | { ...; } | { ...; }'.
  Property 'customFields' does not exist on type '{ data: { title: string | null; brand: string | null; description: string | null; bulletPoints: string[]; primaryImage: string | null; additionalImages: string[]; price: string | null; weight: string | null; ... 8 more ...; customFields: Record<...>; }; warnings: string[]; }'.
src/extraction-worker/routes/extract.ts(1027,55): error TS2339: Property 'customFields' does not exist on type '{ data: { title: string | null; brand: string | null; description: string | null; bulletPoints: string[]; primaryImage: string | null; additionalImages: string[]; price: string | null; ... 9 more ...; customFields: Record<...>; }; warnings: string[]; } | { ...; } | { ...; }'.
  Property 'customFields' does not exist on type '{ data: { title: string | null; brand: string | null; description: string | null; bulletPoints: string[]; primaryImage: string | null; additionalImages: string[]; price: string | null; weight: string | null; ... 8 more ...; customFields: Record<...>; }; warnings: string[]; }'.
src/extraction-worker/routes/generate-selector.ts(47,15): error TS2694: Namespace '"/Users/nickborrello/Desktop/Projects/shopsite-cms/node_modules/cheerio/dist/esm/index"' has no exported member 'Element'.
src/extraction-worker/routes/generate-selector.ts(103,12): error TS2694: Namespace '"/Users/nickborrello/Desktop/Projects/shopsite-cms/node_modules/cheerio/dist/esm/index"' has no exported member 'Element'.
src/extraction-worker/routes/generate-selector.ts(110,37): error TS2694: Namespace '"/Users/nickborrello/Desktop/Projects/shopsite-cms/node_modules/cheerio/dist/esm/index"' has no exported member 'Element'.
src/extraction-worker/routes/generate-selector.ts(116,56): error TS2694: Namespace '"/Users/nickborrello/Desktop/Projects/shopsite-cms/node_modules/cheerio/dist/esm/index"' has no exported member 'Element'.
src/extraction-worker/routes/generate-selector.ts(118,50): error TS2694: Namespace '"/Users/nickborrello/Desktop/Projects/shopsite-cms/node_modules/cheerio/dist/esm/index"' has no exported member 'Element'.
src/extraction-worker/routes/generate-selector.ts(283,39): error TS2694: Namespace '"/Users/nickborrello/Desktop/Projects/shopsite-cms/node_modules/cheerio/dist/esm/index"' has no exported member 'Element'.
src/extraction-worker/routes/pick-element.ts(224,28): error TS2694: Namespace '"/Users/nickborrello/Desktop/Projects/shopsite-cms/node_modules/cheerio/dist/esm/index"' has no exported member 'Element'.
src/extraction-worker/routes/pick-element.ts(233,65): error TS2694: Namespace '"/Users/nickborrello/Desktop/Projects/shopsite-cms/node_modules/cheerio/dist/esm/index"' has no exported member 'Element'.
src/extraction-worker/routes/pick-element.ts(245,49): error TS2694: Namespace '"/Users/nickborrello/Desktop/Projects/shopsite-cms/node_modules/cheerio/dist/esm/index"' has no exported member 'Element'.
src/extraction-worker/routes/pick-element.ts(252,52): error TS2694: Namespace '"/Users/nickborrello/Desktop/Projects/shopsite-cms/node_modules/cheerio/dist/esm/index"' has no exported member 'Element'.
src/extraction-worker/routes/pick-element.ts(263,70): error TS2694: Namespace '"/Users/nickborrello/Desktop/Projects/shopsite-cms/node_modules/cheerio/dist/esm/index"' has no exported member 'Element'.
src/extraction-worker/routes/pick-element.ts(269,65): error TS2694: Namespace '"/Users/nickborrello/Desktop/Projects/shopsite-cms/node_modules/cheerio/dist/esm/index"' has no exported member 'Element'.
src/extraction-worker/routes/pick-element.ts(278,48): error TS2694: Namespace '"/Users/nickborrello/Desktop/Projects/shopsite-cms/node_modules/cheerio/dist/esm/index"' has no exported member 'Element'.
src/extraction-worker/routes/pick-element.ts(285,47): error TS2694: Namespace '"/Users/nickborrello/Desktop/Projects/shopsite-cms/node_modules/cheerio/dist/esm/index"' has no exported member 'Element'.
src/extraction-worker/routes/pick-element.ts(295,73): error TS2694: Namespace '"/Users/nickborrello/Desktop/Projects/shopsite-cms/node_modules/cheerio/dist/esm/index"' has no exported member 'Element'.
src/onboarding/image-utils.ts(66,15): error TS2694: Namespace '"/Users/nickborrello/Desktop/Projects/shopsite-cms/node_modules/cheerio/dist/esm/index"' has no exported member 'Element'.
src/onboarding/profile-generator.ts(289,15): error TS2694: Namespace '"/Users/nickborrello/Desktop/Projects/shopsite-cms/node_modules/cheerio/dist/esm/index"' has no exported member 'Element'.
src/onboarding/profile-generator.ts(335,15): error TS2694: Namespace '"/Users/nickborrello/Desktop/Projects/shopsite-cms/node_modules/cheerio/dist/esm/index"' has no exported member 'Element'.
src/onboarding/profile-generator.ts(376,17): error TS2694: Namespace '"/Users/nickborrello/Desktop/Projects/shopsite-cms/node_modules/cheerio/dist/esm/index"' has no exported member 'Element'.
src/onboarding/profile-generator.ts(492,26): error TS2694: Namespace '"/Users/nickborrello/Desktop/Projects/shopsite-cms/node_modules/cheerio/dist/esm/index"' has no exported member 'Element'.
src/onboarding/profile-generator.ts(541,48): error TS2694: Namespace '"/Users/nickborrello/Desktop/Projects/shopsite-cms/node_modules/cheerio/dist/esm/index"' has no exported member 'Element'.
src/onboarding/profile-generator.ts(568,54): error TS2694: Namespace '"/Users/nickborrello/Desktop/Projects/shopsite-cms/node_modules/cheerio/dist/esm/index"' has no exported member 'Element'.
src/onboarding/profile-generator.ts(587,32): error TS2694: Namespace '"/Users/nickborrello/Desktop/Projects/shopsite-cms/node_modules/cheerio/dist/esm/index"' has no exported member 'Element'.
src/onboarding/profile-generator.ts(587,95): error TS2694: Namespace '"/Users/nickborrello/Desktop/Projects/shopsite-cms/node_modules/cheerio/dist/esm/index"' has no exported member 'Element'.
src/shared/selector-utils.ts(98,15): error TS2694: Namespace '"/Users/nickborrello/Desktop/Projects/shopsite-cms/node_modules/cheerio/dist/esm/index"' has no exported member 'Element'.
src/shared/selector-utils.ts(228,15): error TS2694: Namespace '"/Users/nickborrello/Desktop/Projects/shopsite-cms/node_modules/cheerio/dist/esm/index"' has no exported member 'Element'.
src/tests/unit/draft-promoter.test.ts(147,40): error TS2345: Argument of type 'string | null' is not assignable to parameter of type 'string'.
  Type 'null' is not assignable to type 'string'.
src/tests/unit/draft-promoter.test.ts(239,40): error TS2345: Argument of type 'string | null' is not assignable to parameter of type 'string'.
  Type 'null' is not assignable to type 'string'.
src/tests/unit/draft-promoter.test.ts(306,40): error TS2345: Argument of type 'string | null' is not assignable to parameter of type 'string'.
  Type 'null' is not assignable to type 'string'.
src/tests/unit/draft-promoter.test.ts(370,40): error TS2345: Argument of type 'string | null' is not assignable to parameter of type 'string'.
  Type 'null' is not assignable to type 'string'.
src/tests/unit/draft-promoter.test.ts(500,40): error TS2345: Argument of type 'string | null' is not assignable to parameter of type 'string'.
  Type 'null' is not assignable to type 'string'.
src/tests/unit/selector-utils.test.ts(172,63): error TS2694: Namespace '"/Users/nickborrello/Desktop/Projects/shopsite-cms/node_modules/cheerio/dist/esm/index"' has no exported member 'Element'.
